Nume: 155
Prenume: 
Id: 77
Note:
7 8 9 10 5 
Nume: Petrescu
Prenume: Camil
Id: 99
Note:
10 10 10 10 10 
Nume: Pompiliu
Prenume: Marian
Id: 33
Note:
7 7 7 6 6 
Nume: Eliade
Prenume: Mircea
Id: 155
Note:
10 8 10 5 8 
